// Vitest Snapshot v1, https://vitest.dev/guide/snapshot.html

exports[`CharactersPage > Pagination works 1`] = `
<section
  aria-label="characters list"
  class="css-1d7ldso"
>
  <article
    class="chakra-linkbox css-14g7ltz"
  >
    <a
      class="chakra-linkbox__overlay css-nzdyzb"
      href="/characters/1"
    >
      <div
        class="chakra-card__root css-fgvmqn"
      >
        <a
          href="javascript:throw new Error('React has blocked a javascript: URL as a security precaution.')"
          style="position: absolute; top: 0.5rem; right: 0.5rem;"
        />
        <div
          class="css-10zhkx9"
        >
          <div
            name="Luke Skywalker 2"
          >
            <div>
              Fallback
            </div>
            <div>
              Image
            </div>
          </div>
          <div
            class="chakra-stack css-8g8ihq"
            spacing="1"
          >
            <h3
              class="chakra-heading css-9nm8pf"
            >
              Luke Skywalker 2
            </h3>
            <p
              class="css-v0otzr"
            >
              Male
            </p>
            <p
              class="css-v0otzr"
            >
              Tatooine
            </p>
          </div>
        </div>
      </div>
    </a>
  </article>
  <article
    class="chakra-linkbox css-14g7ltz"
  >
    <a
      class="chakra-linkbox__overlay css-nzdyzb"
      href="/characters/2"
    >
      <div
        class="chakra-card__root css-fgvmqn"
      >
        <a
          href="javascript:throw new Error('React has blocked a javascript: URL as a security precaution.')"
          style="position: absolute; top: 0.5rem; right: 0.5rem;"
        />
        <div
          class="css-10zhkx9"
        >
          <div
            name="C-3PO 2"
          >
            <div>
              Fallback
            </div>
            <div>
              Image
            </div>
          </div>
          <div
            class="chakra-stack css-8g8ihq"
            spacing="1"
          >
            <h3
              class="chakra-heading css-9nm8pf"
            >
              C-3PO 2
            </h3>
            <p
              class="css-v0otzr"
            >
              Male
            </p>
            <p
              class="css-v0otzr"
            >
              Tatooine
            </p>
          </div>
        </div>
      </div>
    </a>
  </article>
  <article
    class="chakra-linkbox css-14g7ltz"
  >
    <a
      class="chakra-linkbox__overlay css-nzdyzb"
      href="/characters/3"
    >
      <div
        class="chakra-card__root css-fgvmqn"
      >
        <a
          href="javascript:throw new Error('React has blocked a javascript: URL as a security precaution.')"
          style="position: absolute; top: 0.5rem; right: 0.5rem;"
        />
        <div
          class="css-10zhkx9"
        >
          <div
            name="R2-D2 2"
          >
            <div>
              Fallback
            </div>
            <div>
              Image
            </div>
          </div>
          <div
            class="chakra-stack css-8g8ihq"
            spacing="1"
          >
            <h3
              class="chakra-heading css-9nm8pf"
            >
              R2-D2 2
            </h3>
            <p
              class="css-v0otzr"
            >
              Male
            </p>
            <p
              class="css-v0otzr"
            >
              Tatooine
            </p>
          </div>
        </div>
      </div>
    </a>
  </article>
  <article
    class="chakra-linkbox css-14g7ltz"
  >
    <a
      class="chakra-linkbox__overlay css-nzdyzb"
      href="/characters/4"
    >
      <div
        class="chakra-card__root css-fgvmqn"
      >
        <a
          href="javascript:throw new Error('React has blocked a javascript: URL as a security precaution.')"
          style="position: absolute; top: 0.5rem; right: 0.5rem;"
        />
        <div
          class="css-10zhkx9"
        >
          <div
            name="Darth Vader 2"
          >
            <div>
              Fallback
            </div>
            <div>
              Image
            </div>
          </div>
          <div
            class="chakra-stack css-8g8ihq"
            spacing="1"
          >
            <h3
              class="chakra-heading css-9nm8pf"
            >
              Darth Vader 2
            </h3>
            <p
              class="css-v0otzr"
            >
              Male
            </p>
            <p
              class="css-v0otzr"
            >
              Tatooine
            </p>
          </div>
        </div>
      </div>
    </a>
  </article>
  <article
    class="chakra-linkbox css-14g7ltz"
  >
    <a
      class="chakra-linkbox__overlay css-nzdyzb"
      href="/characters/5"
    >
      <div
        class="chakra-card__root css-fgvmqn"
      >
        <a
          href="javascript:throw new Error('React has blocked a javascript: URL as a security precaution.')"
          style="position: absolute; top: 0.5rem; right: 0.5rem;"
        />
        <div
          class="css-10zhkx9"
        >
          <div
            name="Leia Organa 2"
          >
            <div>
              Fallback
            </div>
            <div>
              Image
            </div>
          </div>
          <div
            class="chakra-stack css-8g8ihq"
            spacing="1"
          >
            <h3
              class="chakra-heading css-9nm8pf"
            >
              Leia Organa 2
            </h3>
            <p
              class="css-v0otzr"
            >
              Male
            </p>
            <p
              class="css-v0otzr"
            >
              Tatooine
            </p>
          </div>
        </div>
      </div>
    </a>
  </article>
  <article
    class="chakra-linkbox css-14g7ltz"
  >
    <a
      class="chakra-linkbox__overlay css-nzdyzb"
      href="/characters/6"
    >
      <div
        class="chakra-card__root css-fgvmqn"
      >
        <a
          href="javascript:throw new Error('React has blocked a javascript: URL as a security precaution.')"
          style="position: absolute; top: 0.5rem; right: 0.5rem;"
        />
        <div
          class="css-10zhkx9"
        >
          <div
            name="Owen Lars 2"
          >
            <div>
              Fallback
            </div>
            <div>
              Image
            </div>
          </div>
          <div
            class="chakra-stack css-8g8ihq"
            spacing="1"
          >
            <h3
              class="chakra-heading css-9nm8pf"
            >
              Owen Lars 2
            </h3>
            <p
              class="css-v0otzr"
            >
              Male
            </p>
            <p
              class="css-v0otzr"
            >
              Tatooine
            </p>
          </div>
        </div>
      </div>
    </a>
  </article>
  <article
    class="chakra-linkbox css-14g7ltz"
  >
    <a
      class="chakra-linkbox__overlay css-nzdyzb"
      href="/characters/7"
    >
      <div
        class="chakra-card__root css-fgvmqn"
      >
        <a
          href="javascript:throw new Error('React has blocked a javascript: URL as a security precaution.')"
          style="position: absolute; top: 0.5rem; right: 0.5rem;"
        />
        <div
          class="css-10zhkx9"
        >
          <div
            name="Beru Whitesun lars 2"
          >
            <div>
              Fallback
            </div>
            <div>
              Image
            </div>
          </div>
          <div
            class="chakra-stack css-8g8ihq"
            spacing="1"
          >
            <h3
              class="chakra-heading css-9nm8pf"
            >
              Beru Whitesun lars 2
            </h3>
            <p
              class="css-v0otzr"
            >
              Male
            </p>
            <p
              class="css-v0otzr"
            >
              Tatooine
            </p>
          </div>
        </div>
      </div>
    </a>
  </article>
  <article
    class="chakra-linkbox css-14g7ltz"
  >
    <a
      class="chakra-linkbox__overlay css-nzdyzb"
      href="/characters/8"
    >
      <div
        class="chakra-card__root css-fgvmqn"
      >
        <a
          href="javascript:throw new Error('React has blocked a javascript: URL as a security precaution.')"
          style="position: absolute; top: 0.5rem; right: 0.5rem;"
        />
        <div
          class="css-10zhkx9"
        >
          <div
            name="R5-D4 2"
          >
            <div>
              Fallback
            </div>
            <div>
              Image
            </div>
          </div>
          <div
            class="chakra-stack css-8g8ihq"
            spacing="1"
          >
            <h3
              class="chakra-heading css-9nm8pf"
            >
              R5-D4 2
            </h3>
            <p
              class="css-v0otzr"
            >
              Male
            </p>
            <p
              class="css-v0otzr"
            >
              Tatooine
            </p>
          </div>
        </div>
      </div>
    </a>
  </article>
  <article
    class="chakra-linkbox css-14g7ltz"
  >
    <a
      class="chakra-linkbox__overlay css-nzdyzb"
      href="/characters/9"
    >
      <div
        class="chakra-card__root css-fgvmqn"
      >
        <a
          href="javascript:throw new Error('React has blocked a javascript: URL as a security precaution.')"
          style="position: absolute; top: 0.5rem; right: 0.5rem;"
        />
        <div
          class="css-10zhkx9"
        >
          <div
            name="Biggs Darklighter 2"
          >
            <div>
              Fallback
            </div>
            <div>
              Image
            </div>
          </div>
          <div
            class="chakra-stack css-8g8ihq"
            spacing="1"
          >
            <h3
              class="chakra-heading css-9nm8pf"
            >
              Biggs Darklighter 2
            </h3>
            <p
              class="css-v0otzr"
            >
              Male
            </p>
            <p
              class="css-v0otzr"
            >
              Tatooine
            </p>
          </div>
        </div>
      </div>
    </a>
  </article>
  <article
    class="chakra-linkbox css-14g7ltz"
  >
    <a
      class="chakra-linkbox__overlay css-nzdyzb"
      href="/characters/10"
    >
      <div
        class="chakra-card__root css-fgvmqn"
      >
        <a
          href="javascript:throw new Error('React has blocked a javascript: URL as a security precaution.')"
          style="position: absolute; top: 0.5rem; right: 0.5rem;"
        />
        <div
          class="css-10zhkx9"
        >
          <div
            name="Obi-Wan Kenobi 2"
          >
            <div>
              Fallback
            </div>
            <div>
              Image
            </div>
          </div>
          <div
            class="chakra-stack css-8g8ihq"
            spacing="1"
          >
            <h3
              class="chakra-heading css-9nm8pf"
            >
              Obi-Wan Kenobi 2
            </h3>
            <p
              class="css-v0otzr"
            >
              Male
            </p>
            <p
              class="css-v0otzr"
            >
              Tatooine
            </p>
          </div>
        </div>
      </div>
    </a>
  </article>
</section>
`;

exports[`CharactersPage > cards reset when search is cleared 1`] = `
<section
  aria-label="characters list"
  class="css-1d7ldso"
>
  <article
    class="chakra-linkbox css-14g7ltz"
  >
    <a
      class="chakra-linkbox__overlay css-nzdyzb"
      href="/characters/1"
    >
      <div
        class="chakra-card__root css-fgvmqn"
      >
        <a
          href="javascript:throw new Error('React has blocked a javascript: URL as a security precaution.')"
          style="position: absolute; top: 0.5rem; right: 0.5rem;"
        />
        <div
          class="css-10zhkx9"
        >
          <div
            name="Luke Skywalker"
          >
            <div>
              Fallback
            </div>
            <div>
              Image
            </div>
          </div>
          <div
            class="chakra-stack css-8g8ihq"
            spacing="1"
          >
            <h3
              class="chakra-heading css-9nm8pf"
            >
              Luke Skywalker
            </h3>
            <p
              class="css-v0otzr"
            >
              Male
            </p>
            <p
              class="css-v0otzr"
            >
              Tatooine
            </p>
          </div>
        </div>
      </div>
    </a>
  </article>
  <article
    class="chakra-linkbox css-14g7ltz"
  >
    <a
      class="chakra-linkbox__overlay css-nzdyzb"
      href="/characters/2"
    >
      <div
        class="chakra-card__root css-fgvmqn"
      >
        <a
          href="javascript:throw new Error('React has blocked a javascript: URL as a security precaution.')"
          style="position: absolute; top: 0.5rem; right: 0.5rem;"
        />
        <div
          class="css-10zhkx9"
        >
          <div
            name="C-3PO"
          >
            <div>
              Fallback
            </div>
            <div>
              Image
            </div>
          </div>
          <div
            class="chakra-stack css-8g8ihq"
            spacing="1"
          >
            <h3
              class="chakra-heading css-9nm8pf"
            >
              C-3PO
            </h3>
            <p
              class="css-v0otzr"
            >
              Male
            </p>
            <p
              class="css-v0otzr"
            >
              Tatooine
            </p>
          </div>
        </div>
      </div>
    </a>
  </article>
  <article
    class="chakra-linkbox css-14g7ltz"
  >
    <a
      class="chakra-linkbox__overlay css-nzdyzb"
      href="/characters/3"
    >
      <div
        class="chakra-card__root css-fgvmqn"
      >
        <a
          href="javascript:throw new Error('React has blocked a javascript: URL as a security precaution.')"
          style="position: absolute; top: 0.5rem; right: 0.5rem;"
        />
        <div
          class="css-10zhkx9"
        >
          <div
            name="R2-D2"
          >
            <div>
              Fallback
            </div>
            <div>
              Image
            </div>
          </div>
          <div
            class="chakra-stack css-8g8ihq"
            spacing="1"
          >
            <h3
              class="chakra-heading css-9nm8pf"
            >
              R2-D2
            </h3>
            <p
              class="css-v0otzr"
            >
              Male
            </p>
            <p
              class="css-v0otzr"
            >
              Tatooine
            </p>
          </div>
        </div>
      </div>
    </a>
  </article>
  <article
    class="chakra-linkbox css-14g7ltz"
  >
    <a
      class="chakra-linkbox__overlay css-nzdyzb"
      href="/characters/4"
    >
      <div
        class="chakra-card__root css-fgvmqn"
      >
        <a
          href="javascript:throw new Error('React has blocked a javascript: URL as a security precaution.')"
          style="position: absolute; top: 0.5rem; right: 0.5rem;"
        />
        <div
          class="css-10zhkx9"
        >
          <div
            name="Darth Vader"
          >
            <div>
              Fallback
            </div>
            <div>
              Image
            </div>
          </div>
          <div
            class="chakra-stack css-8g8ihq"
            spacing="1"
          >
            <h3
              class="chakra-heading css-9nm8pf"
            >
              Darth Vader
            </h3>
            <p
              class="css-v0otzr"
            >
              Male
            </p>
            <p
              class="css-v0otzr"
            >
              Tatooine
            </p>
          </div>
        </div>
      </div>
    </a>
  </article>
  <article
    class="chakra-linkbox css-14g7ltz"
  >
    <a
      class="chakra-linkbox__overlay css-nzdyzb"
      href="/characters/5"
    >
      <div
        class="chakra-card__root css-fgvmqn"
      >
        <a
          href="javascript:throw new Error('React has blocked a javascript: URL as a security precaution.')"
          style="position: absolute; top: 0.5rem; right: 0.5rem;"
        />
        <div
          class="css-10zhkx9"
        >
          <div
            name="Leia Organa"
          >
            <div>
              Fallback
            </div>
            <div>
              Image
            </div>
          </div>
          <div
            class="chakra-stack css-8g8ihq"
            spacing="1"
          >
            <h3
              class="chakra-heading css-9nm8pf"
            >
              Leia Organa
            </h3>
            <p
              class="css-v0otzr"
            >
              Male
            </p>
            <p
              class="css-v0otzr"
            >
              Tatooine
            </p>
          </div>
        </div>
      </div>
    </a>
  </article>
  <article
    class="chakra-linkbox css-14g7ltz"
  >
    <a
      class="chakra-linkbox__overlay css-nzdyzb"
      href="/characters/6"
    >
      <div
        class="chakra-card__root css-fgvmqn"
      >
        <a
          href="javascript:throw new Error('React has blocked a javascript: URL as a security precaution.')"
          style="position: absolute; top: 0.5rem; right: 0.5rem;"
        />
        <div
          class="css-10zhkx9"
        >
          <div
            name="Owen Lars"
          >
            <div>
              Fallback
            </div>
            <div>
              Image
            </div>
          </div>
          <div
            class="chakra-stack css-8g8ihq"
            spacing="1"
          >
            <h3
              class="chakra-heading css-9nm8pf"
            >
              Owen Lars
            </h3>
            <p
              class="css-v0otzr"
            >
              Male
            </p>
            <p
              class="css-v0otzr"
            >
              Tatooine
            </p>
          </div>
        </div>
      </div>
    </a>
  </article>
  <article
    class="chakra-linkbox css-14g7ltz"
  >
    <a
      class="chakra-linkbox__overlay css-nzdyzb"
      href="/characters/7"
    >
      <div
        class="chakra-card__root css-fgvmqn"
      >
        <a
          href="javascript:throw new Error('React has blocked a javascript: URL as a security precaution.')"
          style="position: absolute; top: 0.5rem; right: 0.5rem;"
        />
        <div
          class="css-10zhkx9"
        >
          <div
            name="Beru Whitesun lars"
          >
            <div>
              Fallback
            </div>
            <div>
              Image
            </div>
          </div>
          <div
            class="chakra-stack css-8g8ihq"
            spacing="1"
          >
            <h3
              class="chakra-heading css-9nm8pf"
            >
              Beru Whitesun lars
            </h3>
            <p
              class="css-v0otzr"
            >
              Male
            </p>
            <p
              class="css-v0otzr"
            >
              Tatooine
            </p>
          </div>
        </div>
      </div>
    </a>
  </article>
  <article
    class="chakra-linkbox css-14g7ltz"
  >
    <a
      class="chakra-linkbox__overlay css-nzdyzb"
      href="/characters/8"
    >
      <div
        class="chakra-card__root css-fgvmqn"
      >
        <a
          href="javascript:throw new Error('React has blocked a javascript: URL as a security precaution.')"
          style="position: absolute; top: 0.5rem; right: 0.5rem;"
        />
        <div
          class="css-10zhkx9"
        >
          <div
            name="R5-D4"
          >
            <div>
              Fallback
            </div>
            <div>
              Image
            </div>
          </div>
          <div
            class="chakra-stack css-8g8ihq"
            spacing="1"
          >
            <h3
              class="chakra-heading css-9nm8pf"
            >
              R5-D4
            </h3>
            <p
              class="css-v0otzr"
            >
              Male
            </p>
            <p
              class="css-v0otzr"
            >
              Tatooine
            </p>
          </div>
        </div>
      </div>
    </a>
  </article>
  <article
    class="chakra-linkbox css-14g7ltz"
  >
    <a
      class="chakra-linkbox__overlay css-nzdyzb"
      href="/characters/9"
    >
      <div
        class="chakra-card__root css-fgvmqn"
      >
        <a
          href="javascript:throw new Error('React has blocked a javascript: URL as a security precaution.')"
          style="position: absolute; top: 0.5rem; right: 0.5rem;"
        />
        <div
          class="css-10zhkx9"
        >
          <div
            name="Biggs Darklighter"
          >
            <div>
              Fallback
            </div>
            <div>
              Image
            </div>
          </div>
          <div
            class="chakra-stack css-8g8ihq"
            spacing="1"
          >
            <h3
              class="chakra-heading css-9nm8pf"
            >
              Biggs Darklighter
            </h3>
            <p
              class="css-v0otzr"
            >
              Male
            </p>
            <p
              class="css-v0otzr"
            >
              Tatooine
            </p>
          </div>
        </div>
      </div>
    </a>
  </article>
  <article
    class="chakra-linkbox css-14g7ltz"
  >
    <a
      class="chakra-linkbox__overlay css-nzdyzb"
      href="/characters/10"
    >
      <div
        class="chakra-card__root css-fgvmqn"
      >
        <a
          href="javascript:throw new Error('React has blocked a javascript: URL as a security precaution.')"
          style="position: absolute; top: 0.5rem; right: 0.5rem;"
        />
        <div
          class="css-10zhkx9"
        >
          <div
            name="Obi-Wan Kenobi"
          >
            <div>
              Fallback
            </div>
            <div>
              Image
            </div>
          </div>
          <div
            class="chakra-stack css-8g8ihq"
            spacing="1"
          >
            <h3
              class="chakra-heading css-9nm8pf"
            >
              Obi-Wan Kenobi
            </h3>
            <p
              class="css-v0otzr"
            >
              Male
            </p>
            <p
              class="css-v0otzr"
            >
              Tatooine
            </p>
          </div>
        </div>
      </div>
    </a>
  </article>
</section>
`;

exports[`CharactersPage > cards reset when search is cleared via refresh button 1`] = `
<section
  aria-label="characters list"
  class="css-1d7ldso"
>
  <article
    class="chakra-linkbox css-14g7ltz"
  >
    <a
      class="chakra-linkbox__overlay css-nzdyzb"
      href="/characters/1"
    >
      <div
        class="chakra-card__root css-fgvmqn"
      >
        <a
          href="javascript:throw new Error('React has blocked a javascript: URL as a security precaution.')"
          style="position: absolute; top: 0.5rem; right: 0.5rem;"
        />
        <div
          class="css-10zhkx9"
        >
          <div
            name="Luke Skywalker"
          >
            <div>
              Fallback
            </div>
            <div>
              Image
            </div>
          </div>
          <div
            class="chakra-stack css-8g8ihq"
            spacing="1"
          >
            <h3
              class="chakra-heading css-9nm8pf"
            >
              Luke Skywalker
            </h3>
            <p
              class="css-v0otzr"
            >
              Male
            </p>
            <p
              class="css-v0otzr"
            >
              Tatooine
            </p>
          </div>
        </div>
      </div>
    </a>
  </article>
  <article
    class="chakra-linkbox css-14g7ltz"
  >
    <a
      class="chakra-linkbox__overlay css-nzdyzb"
      href="/characters/2"
    >
      <div
        class="chakra-card__root css-fgvmqn"
      >
        <a
          href="javascript:throw new Error('React has blocked a javascript: URL as a security precaution.')"
          style="position: absolute; top: 0.5rem; right: 0.5rem;"
        />
        <div
          class="css-10zhkx9"
        >
          <div
            name="C-3PO"
          >
            <div>
              Fallback
            </div>
            <div>
              Image
            </div>
          </div>
          <div
            class="chakra-stack css-8g8ihq"
            spacing="1"
          >
            <h3
              class="chakra-heading css-9nm8pf"
            >
              C-3PO
            </h3>
            <p
              class="css-v0otzr"
            >
              Male
            </p>
            <p
              class="css-v0otzr"
            >
              Tatooine
            </p>
          </div>
        </div>
      </div>
    </a>
  </article>
  <article
    class="chakra-linkbox css-14g7ltz"
  >
    <a
      class="chakra-linkbox__overlay css-nzdyzb"
      href="/characters/3"
    >
      <div
        class="chakra-card__root css-fgvmqn"
      >
        <a
          href="javascript:throw new Error('React has blocked a javascript: URL as a security precaution.')"
          style="position: absolute; top: 0.5rem; right: 0.5rem;"
        />
        <div
          class="css-10zhkx9"
        >
          <div
            name="R2-D2"
          >
            <div>
              Fallback
            </div>
            <div>
              Image
            </div>
          </div>
          <div
            class="chakra-stack css-8g8ihq"
            spacing="1"
          >
            <h3
              class="chakra-heading css-9nm8pf"
            >
              R2-D2
            </h3>
            <p
              class="css-v0otzr"
            >
              Male
            </p>
            <p
              class="css-v0otzr"
            >
              Tatooine
            </p>
          </div>
        </div>
      </div>
    </a>
  </article>
  <article
    class="chakra-linkbox css-14g7ltz"
  >
    <a
      class="chakra-linkbox__overlay css-nzdyzb"
      href="/characters/4"
    >
      <div
        class="chakra-card__root css-fgvmqn"
      >
        <a
          href="javascript:throw new Error('React has blocked a javascript: URL as a security precaution.')"
          style="position: absolute; top: 0.5rem; right: 0.5rem;"
        />
        <div
          class="css-10zhkx9"
        >
          <div
            name="Darth Vader"
          >
            <div>
              Fallback
            </div>
            <div>
              Image
            </div>
          </div>
          <div
            class="chakra-stack css-8g8ihq"
            spacing="1"
          >
            <h3
              class="chakra-heading css-9nm8pf"
            >
              Darth Vader
            </h3>
            <p
              class="css-v0otzr"
            >
              Male
            </p>
            <p
              class="css-v0otzr"
            >
              Tatooine
            </p>
          </div>
        </div>
      </div>
    </a>
  </article>
  <article
    class="chakra-linkbox css-14g7ltz"
  >
    <a
      class="chakra-linkbox__overlay css-nzdyzb"
      href="/characters/5"
    >
      <div
        class="chakra-card__root css-fgvmqn"
      >
        <a
          href="javascript:throw new Error('React has blocked a javascript: URL as a security precaution.')"
          style="position: absolute; top: 0.5rem; right: 0.5rem;"
        />
        <div
          class="css-10zhkx9"
        >
          <div
            name="Leia Organa"
          >
            <div>
              Fallback
            </div>
            <div>
              Image
            </div>
          </div>
          <div
            class="chakra-stack css-8g8ihq"
            spacing="1"
          >
            <h3
              class="chakra-heading css-9nm8pf"
            >
              Leia Organa
            </h3>
            <p
              class="css-v0otzr"
            >
              Male
            </p>
            <p
              class="css-v0otzr"
            >
              Tatooine
            </p>
          </div>
        </div>
      </div>
    </a>
  </article>
  <article
    class="chakra-linkbox css-14g7ltz"
  >
    <a
      class="chakra-linkbox__overlay css-nzdyzb"
      href="/characters/6"
    >
      <div
        class="chakra-card__root css-fgvmqn"
      >
        <a
          href="javascript:throw new Error('React has blocked a javascript: URL as a security precaution.')"
          style="position: absolute; top: 0.5rem; right: 0.5rem;"
        />
        <div
          class="css-10zhkx9"
        >
          <div
            name="Owen Lars"
          >
            <div>
              Fallback
            </div>
            <div>
              Image
            </div>
          </div>
          <div
            class="chakra-stack css-8g8ihq"
            spacing="1"
          >
            <h3
              class="chakra-heading css-9nm8pf"
            >
              Owen Lars
            </h3>
            <p
              class="css-v0otzr"
            >
              Male
            </p>
            <p
              class="css-v0otzr"
            >
              Tatooine
            </p>
          </div>
        </div>
      </div>
    </a>
  </article>
  <article
    class="chakra-linkbox css-14g7ltz"
  >
    <a
      class="chakra-linkbox__overlay css-nzdyzb"
      href="/characters/7"
    >
      <div
        class="chakra-card__root css-fgvmqn"
      >
        <a
          href="javascript:throw new Error('React has blocked a javascript: URL as a security precaution.')"
          style="position: absolute; top: 0.5rem; right: 0.5rem;"
        />
        <div
          class="css-10zhkx9"
        >
          <div
            name="Beru Whitesun lars"
          >
            <div>
              Fallback
            </div>
            <div>
              Image
            </div>
          </div>
          <div
            class="chakra-stack css-8g8ihq"
            spacing="1"
          >
            <h3
              class="chakra-heading css-9nm8pf"
            >
              Beru Whitesun lars
            </h3>
            <p
              class="css-v0otzr"
            >
              Male
            </p>
            <p
              class="css-v0otzr"
            >
              Tatooine
            </p>
          </div>
        </div>
      </div>
    </a>
  </article>
  <article
    class="chakra-linkbox css-14g7ltz"
  >
    <a
      class="chakra-linkbox__overlay css-nzdyzb"
      href="/characters/8"
    >
      <div
        class="chakra-card__root css-fgvmqn"
      >
        <a
          href="javascript:throw new Error('React has blocked a javascript: URL as a security precaution.')"
          style="position: absolute; top: 0.5rem; right: 0.5rem;"
        />
        <div
          class="css-10zhkx9"
        >
          <div
            name="R5-D4"
          >
            <div>
              Fallback
            </div>
            <div>
              Image
            </div>
          </div>
          <div
            class="chakra-stack css-8g8ihq"
            spacing="1"
          >
            <h3
              class="chakra-heading css-9nm8pf"
            >
              R5-D4
            </h3>
            <p
              class="css-v0otzr"
            >
              Male
            </p>
            <p
              class="css-v0otzr"
            >
              Tatooine
            </p>
          </div>
        </div>
      </div>
    </a>
  </article>
  <article
    class="chakra-linkbox css-14g7ltz"
  >
    <a
      class="chakra-linkbox__overlay css-nzdyzb"
      href="/characters/9"
    >
      <div
        class="chakra-card__root css-fgvmqn"
      >
        <a
          href="javascript:throw new Error('React has blocked a javascript: URL as a security precaution.')"
          style="position: absolute; top: 0.5rem; right: 0.5rem;"
        />
        <div
          class="css-10zhkx9"
        >
          <div
            name="Biggs Darklighter"
          >
            <div>
              Fallback
            </div>
            <div>
              Image
            </div>
          </div>
          <div
            class="chakra-stack css-8g8ihq"
            spacing="1"
          >
            <h3
              class="chakra-heading css-9nm8pf"
            >
              Biggs Darklighter
            </h3>
            <p
              class="css-v0otzr"
            >
              Male
            </p>
            <p
              class="css-v0otzr"
            >
              Tatooine
            </p>
          </div>
        </div>
      </div>
    </a>
  </article>
  <article
    class="chakra-linkbox css-14g7ltz"
  >
    <a
      class="chakra-linkbox__overlay css-nzdyzb"
      href="/characters/10"
    >
      <div
        class="chakra-card__root css-fgvmqn"
      >
        <a
          href="javascript:throw new Error('React has blocked a javascript: URL as a security precaution.')"
          style="position: absolute; top: 0.5rem; right: 0.5rem;"
        />
        <div
          class="css-10zhkx9"
        >
          <div
            name="Obi-Wan Kenobi"
          >
            <div>
              Fallback
            </div>
            <div>
              Image
            </div>
          </div>
          <div
            class="chakra-stack css-8g8ihq"
            spacing="1"
          >
            <h3
              class="chakra-heading css-9nm8pf"
            >
              Obi-Wan Kenobi
            </h3>
            <p
              class="css-v0otzr"
            >
              Male
            </p>
            <p
              class="css-v0otzr"
            >
              Tatooine
            </p>
          </div>
        </div>
      </div>
    </a>
  </article>
</section>
`;

exports[`CharactersPage > loads and displays characters 1`] = `
<section
  aria-label="characters list"
  class="css-1d7ldso"
>
  <article
    class="chakra-linkbox css-14g7ltz"
  >
    <a
      class="chakra-linkbox__overlay css-nzdyzb"
      href="/characters/1"
    >
      <div
        class="chakra-card__root css-fgvmqn"
      >
        <a
          href="javascript:throw new Error('React has blocked a javascript: URL as a security precaution.')"
          style="position: absolute; top: 0.5rem; right: 0.5rem;"
        />
        <div
          class="css-10zhkx9"
        >
          <div
            name="Luke Skywalker"
          >
            <div>
              Fallback
            </div>
            <div>
              Image
            </div>
          </div>
          <div
            class="chakra-stack css-8g8ihq"
            spacing="1"
          >
            <h3
              class="chakra-heading css-9nm8pf"
            >
              Luke Skywalker
            </h3>
            <p
              class="css-v0otzr"
            >
              Male
            </p>
            <p
              class="css-v0otzr"
            >
              Tatooine
            </p>
          </div>
        </div>
      </div>
    </a>
  </article>
  <article
    class="chakra-linkbox css-14g7ltz"
  >
    <a
      class="chakra-linkbox__overlay css-nzdyzb"
      href="/characters/2"
    >
      <div
        class="chakra-card__root css-fgvmqn"
      >
        <a
          href="javascript:throw new Error('React has blocked a javascript: URL as a security precaution.')"
          style="position: absolute; top: 0.5rem; right: 0.5rem;"
        />
        <div
          class="css-10zhkx9"
        >
          <div
            name="C-3PO"
          >
            <div>
              Fallback
            </div>
            <div>
              Image
            </div>
          </div>
          <div
            class="chakra-stack css-8g8ihq"
            spacing="1"
          >
            <h3
              class="chakra-heading css-9nm8pf"
            >
              C-3PO
            </h3>
            <p
              class="css-v0otzr"
            >
              Male
            </p>
            <p
              class="css-v0otzr"
            >
              Tatooine
            </p>
          </div>
        </div>
      </div>
    </a>
  </article>
  <article
    class="chakra-linkbox css-14g7ltz"
  >
    <a
      class="chakra-linkbox__overlay css-nzdyzb"
      href="/characters/3"
    >
      <div
        class="chakra-card__root css-fgvmqn"
      >
        <a
          href="javascript:throw new Error('React has blocked a javascript: URL as a security precaution.')"
          style="position: absolute; top: 0.5rem; right: 0.5rem;"
        />
        <div
          class="css-10zhkx9"
        >
          <div
            name="R2-D2"
          >
            <div>
              Fallback
            </div>
            <div>
              Image
            </div>
          </div>
          <div
            class="chakra-stack css-8g8ihq"
            spacing="1"
          >
            <h3
              class="chakra-heading css-9nm8pf"
            >
              R2-D2
            </h3>
            <p
              class="css-v0otzr"
            >
              Male
            </p>
            <p
              class="css-v0otzr"
            >
              Tatooine
            </p>
          </div>
        </div>
      </div>
    </a>
  </article>
  <article
    class="chakra-linkbox css-14g7ltz"
  >
    <a
      class="chakra-linkbox__overlay css-nzdyzb"
      href="/characters/4"
    >
      <div
        class="chakra-card__root css-fgvmqn"
      >
        <a
          href="javascript:throw new Error('React has blocked a javascript: URL as a security precaution.')"
          style="position: absolute; top: 0.5rem; right: 0.5rem;"
        />
        <div
          class="css-10zhkx9"
        >
          <div
            name="Darth Vader"
          >
            <div>
              Fallback
            </div>
            <div>
              Image
            </div>
          </div>
          <div
            class="chakra-stack css-8g8ihq"
            spacing="1"
          >
            <h3
              class="chakra-heading css-9nm8pf"
            >
              Darth Vader
            </h3>
            <p
              class="css-v0otzr"
            >
              Male
            </p>
            <p
              class="css-v0otzr"
            >
              Tatooine
            </p>
          </div>
        </div>
      </div>
    </a>
  </article>
  <article
    class="chakra-linkbox css-14g7ltz"
  >
    <a
      class="chakra-linkbox__overlay css-nzdyzb"
      href="/characters/5"
    >
      <div
        class="chakra-card__root css-fgvmqn"
      >
        <a
          href="javascript:throw new Error('React has blocked a javascript: URL as a security precaution.')"
          style="position: absolute; top: 0.5rem; right: 0.5rem;"
        />
        <div
          class="css-10zhkx9"
        >
          <div
            name="Leia Organa"
          >
            <div>
              Fallback
            </div>
            <div>
              Image
            </div>
          </div>
          <div
            class="chakra-stack css-8g8ihq"
            spacing="1"
          >
            <h3
              class="chakra-heading css-9nm8pf"
            >
              Leia Organa
            </h3>
            <p
              class="css-v0otzr"
            >
              Male
            </p>
            <p
              class="css-v0otzr"
            >
              Tatooine
            </p>
          </div>
        </div>
      </div>
    </a>
  </article>
  <article
    class="chakra-linkbox css-14g7ltz"
  >
    <a
      class="chakra-linkbox__overlay css-nzdyzb"
      href="/characters/6"
    >
      <div
        class="chakra-card__root css-fgvmqn"
      >
        <a
          href="javascript:throw new Error('React has blocked a javascript: URL as a security precaution.')"
          style="position: absolute; top: 0.5rem; right: 0.5rem;"
        />
        <div
          class="css-10zhkx9"
        >
          <div
            name="Owen Lars"
          >
            <div>
              Fallback
            </div>
            <div>
              Image
            </div>
          </div>
          <div
            class="chakra-stack css-8g8ihq"
            spacing="1"
          >
            <h3
              class="chakra-heading css-9nm8pf"
            >
              Owen Lars
            </h3>
            <p
              class="css-v0otzr"
            >
              Male
            </p>
            <p
              class="css-v0otzr"
            >
              Tatooine
            </p>
          </div>
        </div>
      </div>
    </a>
  </article>
  <article
    class="chakra-linkbox css-14g7ltz"
  >
    <a
      class="chakra-linkbox__overlay css-nzdyzb"
      href="/characters/7"
    >
      <div
        class="chakra-card__root css-fgvmqn"
      >
        <a
          href="javascript:throw new Error('React has blocked a javascript: URL as a security precaution.')"
          style="position: absolute; top: 0.5rem; right: 0.5rem;"
        />
        <div
          class="css-10zhkx9"
        >
          <div
            name="Beru Whitesun lars"
          >
            <div>
              Fallback
            </div>
            <div>
              Image
            </div>
          </div>
          <div
            class="chakra-stack css-8g8ihq"
            spacing="1"
          >
            <h3
              class="chakra-heading css-9nm8pf"
            >
              Beru Whitesun lars
            </h3>
            <p
              class="css-v0otzr"
            >
              Male
            </p>
            <p
              class="css-v0otzr"
            >
              Tatooine
            </p>
          </div>
        </div>
      </div>
    </a>
  </article>
  <article
    class="chakra-linkbox css-14g7ltz"
  >
    <a
      class="chakra-linkbox__overlay css-nzdyzb"
      href="/characters/8"
    >
      <div
        class="chakra-card__root css-fgvmqn"
      >
        <a
          href="javascript:throw new Error('React has blocked a javascript: URL as a security precaution.')"
          style="position: absolute; top: 0.5rem; right: 0.5rem;"
        />
        <div
          class="css-10zhkx9"
        >
          <div
            name="R5-D4"
          >
            <div>
              Fallback
            </div>
            <div>
              Image
            </div>
          </div>
          <div
            class="chakra-stack css-8g8ihq"
            spacing="1"
          >
            <h3
              class="chakra-heading css-9nm8pf"
            >
              R5-D4
            </h3>
            <p
              class="css-v0otzr"
            >
              Male
            </p>
            <p
              class="css-v0otzr"
            >
              Tatooine
            </p>
          </div>
        </div>
      </div>
    </a>
  </article>
  <article
    class="chakra-linkbox css-14g7ltz"
  >
    <a
      class="chakra-linkbox__overlay css-nzdyzb"
      href="/characters/9"
    >
      <div
        class="chakra-card__root css-fgvmqn"
      >
        <a
          href="javascript:throw new Error('React has blocked a javascript: URL as a security precaution.')"
          style="position: absolute; top: 0.5rem; right: 0.5rem;"
        />
        <div
          class="css-10zhkx9"
        >
          <div
            name="Biggs Darklighter"
          >
            <div>
              Fallback
            </div>
            <div>
              Image
            </div>
          </div>
          <div
            class="chakra-stack css-8g8ihq"
            spacing="1"
          >
            <h3
              class="chakra-heading css-9nm8pf"
            >
              Biggs Darklighter
            </h3>
            <p
              class="css-v0otzr"
            >
              Male
            </p>
            <p
              class="css-v0otzr"
            >
              Tatooine
            </p>
          </div>
        </div>
      </div>
    </a>
  </article>
  <article
    class="chakra-linkbox css-14g7ltz"
  >
    <a
      class="chakra-linkbox__overlay css-nzdyzb"
      href="/characters/10"
    >
      <div
        class="chakra-card__root css-fgvmqn"
      >
        <a
          href="javascript:throw new Error('React has blocked a javascript: URL as a security precaution.')"
          style="position: absolute; top: 0.5rem; right: 0.5rem;"
        />
        <div
          class="css-10zhkx9"
        >
          <div
            name="Obi-Wan Kenobi"
          >
            <div>
              Fallback
            </div>
            <div>
              Image
            </div>
          </div>
          <div
            class="chakra-stack css-8g8ihq"
            spacing="1"
          >
            <h3
              class="chakra-heading css-9nm8pf"
            >
              Obi-Wan Kenobi
            </h3>
            <p
              class="css-v0otzr"
            >
              Male
            </p>
            <p
              class="css-v0otzr"
            >
              Tatooine
            </p>
          </div>
        </div>
      </div>
    </a>
  </article>
</section>
`;
