// Vitest Snapshot v1, https://vitest.dev/guide/snapshot.html

exports[`CharacterCard > matches snapshot 1`] = `
<article
  class="chakra-linkbox css-14g7ltz"
>
  <a
    href="/characters/1"
  >
    <div
      class="chakra-card__root css-fgvmqn"
    >
      <div
        class="css-10zhkx9"
      >
        <div
          name="Jaya Surya"
        >
          <div>
            Fallback
          </div>
          <div>
            Image
          </div>
        </div>
        <div
          class="chakra-stack css-8g8ihq"
          spacing="1"
        >
          <h3
            class="chakra-heading css-9nm8pf"
          >
            Jaya Surya
          </h3>
          <p
            class="css-v0otzr"
          >
            Male
          </p>
          <p
            class="css-v0otzr"
          >
            Earth
          </p>
        </div>
      </div>
    </div>
  </a>
</article>
`;
